../Core/Src/main.c:144:6:timer_callback	88	static
../Core/Src/main.c:221:6:service_callback	24	static
../Core/Src/main.c:238:6:calibrate_service_callback	24	static
../Core/Src/main.c:246:6:StartDefaultTask	216	static
../Core/Src/main.c:333:5:main	8	static
../Core/Src/main.c:394:6:SystemClock_Config	88	static
../Core/Src/main.c:434:6:update_vel	40	static
../Core/Src/main.c:450:6:read_register	24	static
../Core/Src/main.c:473:6:HAL_TIM_PeriodElapsedCallback	16	static
../Core/Src/main.c:489:6:Error_Handler	4	static,ignoring_inline_asm
