10:30:50 **** Incremental Build of configuration Debug for project nucleo_mpu6050 ****
make -j20 all 
docker pull microros/micro_ros_static_library_builder:humble && docker run --rm -v /home/chayanin09/uros_ws/firmware/nucleo_mpu6050:/project --env MICROROS_LIBRARY_FOLDER=micro_ros_stm32cubemx_utils/microros_static_library_ide microros/micro_ros_static_library_builder:humble
humble: Pulling from microros/micro_ros_static_library_builder
Digest: sha256:83ab4e8ce95b2a62feb5dd270ad4460218d2d026a455ea32a5873cf629aa1e99
Status: Image is up to date for microros/micro_ros_static_library_builder:humble
docker.io/microros/micro_ros_static_library_builder:humble
dos2unix: converting file /project/micro_ros_stm32cubemx_utils/microros_static_library_ide/library_generation/library_generation.sh to Unix format...
micro-ROS library found. Skipping...
Delete micro_ros_stm32cubemx_utils/microros_static_library_ide/libmicroros/ for rebuild.
 
arm-none-eabi-gcc "../Core/Src/main.c" -mcpu=cortex-m4 -std=gnu11 -g3 -DDEBUG -DUSE_HAL_DRIVER -DSTM32G474xx -c -I../Core/Inc -I../MPU6050/Src -I../micro_ros_stm32cubemx_utils/microros_static_library_ide/libmicroros/include -I../Drivers/STM32G4xx_HAL_Driver/Inc -I../Drivers/STM32G4xx_HAL_Driver/Inc/Legacy -I../Drivers/CMSIS/Device/ST/STM32G4xx/Include -I../Drivers/CMSIS/Include -I../Middlewares/Third_Party/FreeRTOS/Source/include -I../Middlewares/Third_Party/FreeRTOS/Source/CMSIS_RTOS_V2 -I../Middlewares/Third_Party/FreeRTOS/Source/portable/GCC/ARM_CM4F -O0 -ffunction-sections -fdata-sections -Wall -fstack-usage -fcyclomatic-complexity -MMD -MP -MF"Core/Src/main.d" -MT"Core/Src/main.o" --specs=nano.specs -mfpu=fpv4-sp-d16 -mfloat-abi=hard -mthumb -o "Core/Src/main.o"
../Core/Src/main.c: In function 'calibrate_service_callback':
../Core/Src/main.c:239:51: warning: unused variable 'req' [-Wunused-variable]
  239 |     const imu_custom_msg__srv__Calibrate_Request *req = (const imu_custom_msg__srv__Calibrate_Request *) req_msg;
      |                                                   ^~~
../Core/Src/main.c: In function 'timer_callback':
../Core/Src/main.c:216:17: warning: ignoring return value of 'rcl_publish' declared with attribute 'warn_unused_result' [-Wunused-result]
  216 |                 rcl_publish(&mpu6050_publisher, &mpu6050_msg, NULL);
      |                 ^~~~~~~~~~~~~~~~~~~~~~~~~~~~~~~~~~~~~~~~~~~~~~~~~~~
../Core/Src/main.c: In function 'StartDefaultTask':
../Core/Src/main.c:270:9: warning: ignoring return value of 'rcl_init_options_init' declared with attribute 'warn_unused_result' [-Wunused-result]
  270 |         rcl_init_options_init(&init_options, allocator);
      |         ^~~~~~~~~~~~~~~~~~~~~~~~~~~~~~~~~~~~~~~~~~~~~~~
../Core/Src/main.c:271:9: warning: ignoring return value of 'rcl_init_options_set_domain_id' declared with attribute 'warn_unused_result' [-Wunused-result]
  271 |         rcl_init_options_set_domain_id(&init_options, 69);
      |         ^~~~~~~~~~~~~~~~~~~~~~~~~~~~~~~~~~~~~~~~~~~~~~~~~
../Core/Src/main.c: In function 'update_vel':
../Core/Src/main.c:440:9: warning: ignoring return value of 'rcl_publish' declared with attribute 'warn_unused_result' [-Wunused-result]
  440 |         rcl_publish(&vel_publisher, &twist_msg, NULL);
      |         ^~~~~~~~~~~~~~~~~~~~~~~~~~~~~~~~~~~~~~~~~~~~~
../Core/Src/main.c:445:9: warning: ignoring return value of 'rcl_publish' declared with attribute 'warn_unused_result' [-Wunused-result]
  445 |         rcl_publish(&gazebo_vel_publisher, &gazebo_twist_msg, NULL);
      |         ^~~~~~~~~~~~~~~~~~~~~~~~~~~~~~~~~~~~~~~~~~~~~~~~~~~~~~~~~~~
arm-none-eabi-gcc -o "nucleo_mpu6050.elf" @"objects.list"  -lmicroros -mcpu=cortex-m4 -T"/home/chayanin09/uros_ws/firmware/nucleo_mpu6050/STM32G474RETX_FLASH.ld" --specs=nosys.specs -Wl,-Map="nucleo_mpu6050.map" -Wl,--gc-sections -static -L../micro_ros_stm32cubemx_utils/microros_static_library_ide/libmicroros --specs=nano.specs -mfpu=fpv4-sp-d16 -mfloat-abi=hard -mthumb -Wl,--start-group -lc -lm -Wl,--end-group
/opt/st/stm32cubeide_1.16.1/plugins/com.st.stm32cube.ide.mcu.externaltools.gnu-tools-for-stm32.12.3.rel1.linux64_1.0.200.202406132123/tools/bin/../lib/gcc/arm-none-eabi/12.3.1/../../../../arm-none-eabi/bin/ld: /opt/st/stm32cubeide_1.16.1/plugins/com.st.stm32cube.ide.mcu.externaltools.gnu-tools-for-stm32.12.3.rel1.linux64_1.0.200.202406132123/tools/bin/../lib/gcc/arm-none-eabi/12.3.1/../../../../arm-none-eabi/lib/thumb/v7e-m+fp/hard/libc_nano.a(libc_a-gettimeofdayr.o): in function `_gettimeofday_r':
(.text._gettimeofday_r+0xe): warning: _gettimeofday is not implemented and will always fail
Finished building target: nucleo_mpu6050.elf
 
arm-none-eabi-size  nucleo_mpu6050.elf 
arm-none-eabi-objdump -h -S nucleo_mpu6050.elf  > "nucleo_mpu6050.list"
   text	   data	    bss	    dec	    hex	filename
 124440	   3256	  47448	 175144	  2ac28	nucleo_mpu6050.elf
Finished building: default.size.stdout
 
Finished building: nucleo_mpu6050.list
 

10:30:55 Build Finished. 0 errors, 7 warnings. (took 4s.681ms)

